// Jest Snapshot v1, https://goo.gl/fbAQLP

exports[`should render without crashing should render without crashing 1`] = `
<div
  className="btn-panel__box"
>
  <button
    className="btn-panel__btn"
  />
  +VOL
</div>
`;
